---
source: tui/src/status/tests.rs
assertion_line: 1779
expression: sanitized
---
/status

╭─────────────────────────────────────────────────────────────────────────────╮
│  >_ SeekForge (v0.0.0)                                                      │
│                                                                             │
│  Model:            gpt-5.1-codex                                            │
│  Model provider:   DeepSeek                                                 │
│  Directory: [[workspace]]                                                   │
│  Permissions:      Custom (workspace with network access, Ask for approval) │
│  Agents.md:        <none>                                                   │
│                                                                             │
│  Token usage:      1.05K total  (700 input + 350 output)                    │
│  Token details:    700 new input + 200 cached input                         │
│  Context window:   100% left (1.45K used / 272K)                            │
│  5h limit:         [████████░░░░░░░░░░░░] 40% left (resets 11:32)           │
│  Weekly limit:     [█████████████░░░░░░░] 65% left (resets 11:52)           │
│  Warning:          limits may be stale - start new turn to refresh.         │
╰─────────────────────────────────────────────────────────────────────────────╯
