---
source: tui/src/status/tests.rs
assertion_line: 1388
expression: sanitized
---
/status

╭─────────────────────────────────────────────────────────────────────────────╮
│  >_ SeekForge (v0.0.0)                                                      │
│                                                                             │
│  Remote:           unix:///tmp/codex-home/app-server-control/app-server-    │
│                    control.sock (v0.133.0)                                  │
│                                                                             │
│  Model:            gpt-5.1-codex-max                                        │
│  Model provider:   DeepSeek                                                 │
│  Directory: [[workspace]]                                                   │
│  Permissions:      Custom (workspace with network access, Ask for approval) │
│  Agents.md:        <none>                                                   │
│                                                                             │
│  Token usage:      750 total  (500 input + 250 output)                      │
│  Context window:   100% left (750 used / 272K)                              │
│  Limits:           data not available yet                                   │
╰─────────────────────────────────────────────────────────────────────────────╯
