---
source: tui/src/status/tests.rs
assertion_line: 1708
expression: sanitized
---
/status

╭─────────────────────────────────────────────────────────────────────────────╮
│  >_ SeekForge (v0.0.0)                                                      │
│                                                                             │
│  Model:            gpt-5.1-codex-max                                        │
│  Model provider:   DeepSeek                                                 │
│  Directory: [[workspace]]                                                   │
│  Permissions:      Custom (workspace with network access, Ask for approval) │
│  Agents.md:        <none>                                                   │
│                                                                             │
│  Token usage:      1.9K total  (1K input + 900 output)                      │
│  Token details:    1K new input + 200 cached input, 150 reasoning           │
│  Context window:   100% left (2.25K used / 272K)                            │
│  5h limit:         [██████░░░░░░░░░░░░░░] 28% left (resets 03:14)           │
│  Weekly limit:     [████████████░░░░░░░░] 60% left (resets 03:34)           │
│  Warning:          limits may be stale - start new turn to refresh.         │
╰─────────────────────────────────────────────────────────────────────────────╯
